SQL> SEL LINES 100 PAGES 100
SP2-0734: unknown command beginning "SEL LINES ..." - rest of line ignored.
SQL> SET LINES 100 PAGES 100
SQL> SELECT * FROM EMP
  2  SELECT * FROM EMP;
SELECT * FROM EMP
*
ERROR at line 2:
ORA-00933: SQL command not properly ended 


SQL> SELECT * FROM EMP;

     EMPNO ENAME      JOB              MGR HIREDATE         SAL       COMM     DEPTNO               
---------- ---------- --------- ---------- --------- ---------- ---------- ----------               
      7369 SMITH      CLERK           7902 17-DEC-80        800                    20               
      7499 ALLEN      SALESMAN        7698 20-FEB-81       1600        300         30               
      7521 WARD       SALESMAN        7698 22-FEB-81       1250        500         30               
      7566 JONES      MANAGER         7839 02-APR-81       2975                    20               
      7654 MARTIN     SALESMAN        7698 28-SEP-81       1250       1400         30               
      7698 BLAKE      MANAGER         7839 01-MAY-81       2850                    30               
      7782 CLARK      MANAGER         7839 09-JUN-81       2450                    10               
      7788 SCOTT      ANALYST         7566 19-APR-87       3000                    20               
      7839 KING       PRESIDENT            17-NOV-81       5000                    10               
      7844 TURNER     SALESMAN        7698 08-SEP-81       1500          0         30               
      7876 ADAMS      CLERK           7788 23-MAY-87       1100                    20               
      7900 JAMES      CLERK           7698 03-DEC-81        950                    30               
      7902 FORD       ANALYST         7566 03-DEC-81       3000                    20               
      7934 MILLER     CLERK           7782 23-JAN-82       1300                    10               

14 rows selected.

SQL> SELECT DEPTNO FROM DEPT;

    DEPTNO                                                                                          
----------                                                                                          
        10                                                                                          
        20                                                                                          
        30                                                                                          
        40                                                                                          

SQL> SELECT* FROM EMP;

     EMPNO ENAME      JOB              MGR HIREDATE         SAL       COMM     DEPTNO               
---------- ---------- --------- ---------- --------- ---------- ---------- ----------               
      7369 SMITH      CLERK           7902 17-DEC-80        800                    20               
      7499 ALLEN      SALESMAN        7698 20-FEB-81       1600        300         30               
      7521 WARD       SALESMAN        7698 22-FEB-81       1250        500         30               
      7566 JONES      MANAGER         7839 02-APR-81       2975                    20               
      7654 MARTIN     SALESMAN        7698 28-SEP-81       1250       1400         30               
      7698 BLAKE      MANAGER         7839 01-MAY-81       2850                    30               
      7782 CLARK      MANAGER         7839 09-JUN-81       2450                    10               
      7788 SCOTT      ANALYST         7566 19-APR-87       3000                    20               
      7839 KING       PRESIDENT            17-NOV-81       5000                    10               
      7844 TURNER     SALESMAN        7698 08-SEP-81       1500          0         30               
      7876 ADAMS      CLERK           7788 23-MAY-87       1100                    20               
      7900 JAMES      CLERK           7698 03-DEC-81        950                    30               
      7902 FORD       ANALYST         7566 03-DEC-81       3000                    20               
      7934 MILLER     CLERK           7782 23-JAN-82       1300                    10               

14 rows selected.

SQL> SELECT * FROM DEPT;

    DEPTNO DNAME          LOC                                                                       
---------- -------------- -------------                                                             
        10 ACCOUNTING     NEW YORK                                                                  
        20 RESEARCH       DALLAS                                                                    
        30 SALES          CHICAGO                                                                   
        40 OPERATIONS     BOSTON                                                                    

SQL> SELECT DNAME FROM DEPT WHERE DEPTNO=(SELECT DEPT FROM EMP WHERE ENAME='SMITH');
SELECT DNAME FROM DEPT WHERE DEPTNO=(SELECT DEPT FROM EMP WHERE ENAME='SMITH')
                                            *
ERROR at line 1:
ORA-00904: "DEPT": invalid identifier 


SQL> SELECT DNAME  FROM DEPT  WHERE DEPTNO = (SELECT DEPTNO FROM EMP WHERE ENAME = 'SMITH');

DNAME                                                                                               
--------------                                                                                      
RESEARCH                                                                                            

SQL> SELECT DNAME, LOC  FROM DEPT  WHERE DEPTNO = (SELECT DEPTNO FROM EMP WHERE ENAME = 'KING');

DNAME          LOC                                                                                  
-------------- -------------                                                                        
ACCOUNTING     NEW YORK                                                                             

SQL> SELECT LOC  FROM DEPT  WHERE DEPTNO = (SELECT DEPTNO FROM EMP WHERE EMPNO = 7902);

LOC                                                                                                 
-------------                                                                                       
DALLAS                                                                                              

SQL> SELECT DNAME, LOC, DEPTNO  FROM DEPT  WHERE DEPTNO IN (SELECT DEPTNO FROM EMP WHERE ENAME LIKE '%R');

DNAME          LOC               DEPTNO                                                             
-------------- ------------- ----------                                                             
ACCOUNTING     NEW YORK              10                                                             
SALES          CHICAGO               30                                                             

SQL> SELECT DNAME  FROM DEPT  WHERE DEPTNO = (SELECT DEPTNO FROM EMP WHERE JOB = 'PRESIDENT');

DNAME                                                                                               
--------------                                                                                      
ACCOUNTING                                                                                          

SQL> SELECT ENAME  FROM EMP  WHERE DEPTNO = (SELECT DEPTNO FROM DEPT WHERE DNAME = 'ACCOUNTING');

ENAME                                                                                               
----------                                                                                          
CLARK                                                                                               
KING                                                                                                
MILLER                                                                                              

SQL> SELECT ENAME, SAL  FROM EMP  WHERE DEPTNO = (SELECT DEPTNO FROM DEPT WHERE LOC = 'CHICAGO');

ENAME             SAL                                                                               
---------- ----------                                                                               
ALLEN            1600                                                                               
WARD             1250                                                                               
MARTIN           1250                                                                               
BLAKE            2850                                                                               
TURNER           1500                                                                               
JAMES             950                                                                               

6 rows selected.

SQL> SELECT *  FROM EMP  WHERE DEPTNO = (SELECT DEPTNO FROM DEPT WHERE DNAME = 'SALES');

     EMPNO ENAME      JOB              MGR HIREDATE         SAL       COMM     DEPTNO               
---------- ---------- --------- ---------- --------- ---------- ---------- ----------               
      7499 ALLEN      SALESMAN        7698 20-FEB-81       1600        300         30               
      7521 WARD       SALESMAN        7698 22-FEB-81       1250        500         30               
      7654 MARTIN     SALESMAN        7698 28-SEP-81       1250       1400         30               
      7698 BLAKE      MANAGER         7839 01-MAY-81       2850                    30               
      7844 TURNER     SALESMAN        7698 08-SEP-81       1500          0         30               
      7900 JAMES      CLERK           7698 03-DEC-81        950                    30               

6 rows selected.

SQL> SELECT EMP.*, SAL * 12 AS ANNUAL_SALARY  FROM EMP  WHERE DEPTNO = (SELECT DEPTNO FROM DEPT WHERE LOC = 'NEW YORK');

     EMPNO ENAME      JOB              MGR HIREDATE         SAL       COMM     DEPTNO ANNUAL_SALARY 
---------- ---------- --------- ---------- --------- ---------- ---------- ---------- ------------- 
      7782 CLARK      MANAGER         7839 09-JUN-81       2450                    10         29400 
      7839 KING       PRESIDENT            17-NOV-81       5000                    10         60000 
      7934 MILLER     CLERK           7782 23-JAN-82       1300                    10         15600 

SQL> SELECT ENAME  FROM EMP  WHERE DEPTNO = (SELECT DEPTNO FROM DEPT WHERE DNAME = 'OPERATIONS');

no rows selected

SQL> SELECT ENAME FROM EMP WHERE SAL > (SELECT SAL FROM EMP WHERE ENAME = 'SCOTT') AND DEPTNO = (SELECT DEPTNO FROM DEPT WHERE DNAME = 'ACCOUNTING');

ENAME                                                                                               
----------                                                                                          
KING                                                                                                

SQL> SELECT * FROM EMP WHERE JOB = 'MANAGER' AND DEPTNO = (SELECT DEPTNO FROM DEPT WHERE LOC = 'CHICAGO');

     EMPNO ENAME      JOB              MGR HIREDATE         SAL       COMM     DEPTNO               
---------- ---------- --------- ---------- --------- ---------- ---------- ----------               
      7698 BLAKE      MANAGER         7839 01-MAY-81       2850                    30               

SQL> SELECT ENAME, SAL FROM EMP WHERE SAL > (SELECT SAL FROM EMP WHERE ENAME = 'KING');

no rows selected

SQL> SELECT * FROM EMP WHERE JOB = 'SALESMAN' AND DEPTNO = (SELECT DEPTNO FROM DEPT WHERE DNAME = 'ACCOUNTING');

no rows selected

SQL> SELECT ENAME, SAL, JOB, HIREDATE FROM EMP WHERE DEPTNO = (SELECT DEPTNO FROM DEPT WHERE DNAME = 'OPERATIONS') AND HIREDATE < (SELECT HIREDATE FROM EMP WHERE ENAME = 'KING');

no rows selected

SQL> SELECT ENAME FROM EMP WHERE DEPTNO IN (SELECT DEPTNO FROM DEPT WHERE DNAME LIKE '%S');

ENAME                                                                                               
----------                                                                                          
ALLEN                                                                                               
WARD                                                                                                
MARTIN                                                                                              
BLAKE                                                                                               
TURNER                                                                                              
JAMES                                                                                               

6 rows selected.

SQL> SELECT DISTINCT DNAME FROM DEPT WHERE DEPTNO IN (SELECT DEPTNO FROM EMP WHERE ENAME LIKE '%A%');

DNAME                                                                                               
--------------                                                                                      
ACCOUNTING                                                                                          
RESEARCH                                                                                            
SALES                                                                                               

SQL> SELECT DNAME, LOC FROM DEPT WHERE DEPTNO IN (SELECT DEPTNO FROM EMP WHERE SAL = 800);

DNAME          LOC                                                                                  
-------------- -------------                                                                        
RESEARCH       DALLAS                                                                               

SQL> SELECT DISTINCT DNAME FROM DEPT WHERE DEPTNO IN (SELECT DEPTNO FROM EMP WHERE COMM IS NOT NULL);

DNAME                                                                                               
--------------                                                                                      
SALES                                                                                               

SQL> SELECT LOC FROM DEPT WHERE DEPTNO = 40 AND DEPTNO IN (SELECT DEPTNO FROM EMP WHERE COMM IS NOT NULL);

no rows selected

SQL> SPPOL OFF;
SP2-0042: unknown command "SPPOL OFF" - rest of line ignored.
SQL> SPOOL OFF;
